// Vitest Snapshot v1, https://vitest.dev/guide/snapshot.html

exports[`NavigationMenu > renders snapshot 1`] = `
<div>
  <nav
    aria-label="Main"
    class="relative z-10 flex max-w-max flex-1 items-center justify-center"
    data-orientation="horizontal"
    data-testid="NavigationMenu-testid"
    dir="ltr"
  >
    <div
      style="position: relative;"
    >
      <ul
        class="group flex flex-1 list-none items-center justify-center space-x-1"
        data-orientation="horizontal"
        dir="ltr"
      >
        <li
          data-testid="NavigationMenuItem1-testid"
        >
          <button
            aria-controls="radix-:r4:-content-radix-:r5:"
            aria-expanded="false"
            class="group inline-flex h-10 w-max items-center justify-center rounded-md bg-white px-4 py-2 text-sm font-semibold transition-colors hover:bg-slate-100 hover:text-slate-900 focus:bg-slate-100 focus:text-slate-900 focus:outline-none disabled:pointer-events-none disabled:opacity-50 data-[active]:bg-slate-100/50 data-[state=open]:bg-slate-100/50 dark:bg-slate-950 dark:hover:bg-slate-800 dark:hover:text-slate-50 dark:focus:bg-slate-800 dark:focus:text-slate-50 dark:data-[active]:bg-slate-800/50 dark:data-[state=open]:bg-slate-800/50 group"
            data-radix-collection-item=""
            data-state="closed"
            id="radix-:r4:-trigger-radix-:r5:"
          >
            Menu 1
            <svg
              aria-hidden="true"
              class="lucide lucide-chevron-down relative top-[1px] ml-1 h-3 w-3 transition duration-200 group-data-[state=open]:rotate-180"
              fill="none"
              height="24"
              stroke="currentColor"
              stroke-linecap="round"
              stroke-linejoin="round"
              stroke-width="2"
              viewBox="0 0 24 24"
              width="24"
              xmlns="http://www.w3.org/2000/svg"
            >
              <path
                d="m6 9 6 6 6-6"
              />
            </svg>
          </button>
        </li>
        <li
          data-testid="NavigationMenuItem2-testid"
        >
          <button
            aria-controls="radix-:r4:-content-radix-:r6:"
            aria-expanded="false"
            class="group inline-flex h-10 w-max items-center justify-center rounded-md bg-white px-4 py-2 text-sm font-semibold transition-colors hover:bg-slate-100 hover:text-slate-900 focus:bg-slate-100 focus:text-slate-900 focus:outline-none disabled:pointer-events-none disabled:opacity-50 data-[active]:bg-slate-100/50 data-[state=open]:bg-slate-100/50 dark:bg-slate-950 dark:hover:bg-slate-800 dark:hover:text-slate-50 dark:focus:bg-slate-800 dark:focus:text-slate-50 dark:data-[active]:bg-slate-800/50 dark:data-[state=open]:bg-slate-800/50 group"
            data-radix-collection-item=""
            data-state="closed"
            id="radix-:r4:-trigger-radix-:r6:"
          >
            Menu 2
            <svg
              aria-hidden="true"
              class="lucide lucide-chevron-down relative top-[1px] ml-1 h-3 w-3 transition duration-200 group-data-[state=open]:rotate-180"
              fill="none"
              height="24"
              stroke="currentColor"
              stroke-linecap="round"
              stroke-linejoin="round"
              stroke-width="2"
              viewBox="0 0 24 24"
              width="24"
              xmlns="http://www.w3.org/2000/svg"
            >
              <path
                d="m6 9 6 6 6-6"
              />
            </svg>
          </button>
        </li>
        <li
          data-testid="NavigationMenuItem3-testid"
        >
          <a
            data-radix-collection-item=""
          >
            Menu 3
          </a>
        </li>
      </ul>
    </div>
    <div
      class="absolute left-0 top-full flex justify-center"
    />
  </nav>
</div>
`;
