// Vitest Snapshot v1, https://vitest.dev/guide/snapshot.html

exports[`Textarea > renders snapshot 1`] = `
<div>
  <textarea
    class="flex min-h-[80px] w-full rounded-md border border-divider bg-white px-3 py-2 text-base ring-offset-white placeholder:text-letter-caption focus-visible:outline-none focus-visible:ring-1 focus-visible:ring-primary focus-visible:ring-offset-1 disabled:cursor-not-allowed disabled:opacity-50 md:text-sm"
    data-testid="Textarea-testid"
  />
</div>
`;
