// Vitest Snapshot v1, https://vitest.dev/guide/snapshot.html

exports[`Breadcrumb > renders snapshot 1`] = `
<div>
  <nav
    aria-label="breadcrumb"
    data-testid="Breadcrumb-testid"
  >
    <ol
      class="flex flex-wrap items-center gap-1.5 break-words text-sm text-letter-caption"
    >
      <li
        class="inline-flex items-center gap-1.5"
      >
        <a
          class="transition-colors hover:text-letter-title"
          href="/"
        >
          Home
        </a>
      </li>
      <li
        aria-hidden="true"
        class="[&>svg]:h-3.5 [&>svg]:w-3.5"
        role="presentation"
      >
        <svg
          class="lucide lucide-slash"
          fill="none"
          height="24"
          stroke="currentColor"
          stroke-linecap="round"
          stroke-linejoin="round"
          stroke-width="2"
          viewBox="0 0 24 24"
          width="24"
          xmlns="http://www.w3.org/2000/svg"
        >
          <path
            d="M22 2 2 22"
          />
        </svg>
      </li>
      <li
        class="inline-flex items-center gap-1.5"
      >
        <a
          class="transition-colors hover:text-letter-title"
          href="/components"
        >
          Components
        </a>
      </li>
    </ol>
  </nav>
</div>
`;
