// Vitest Snapshot v1, https://vitest.dev/guide/snapshot.html

exports[`Label > renders snapshot 1`] = `
<div>
  <label
    class="text-sm leading-none peer-disabled:cursor-not-allowed peer-disabled:opacity-70 text-letter-body"
    data-testid="Label-testid"
  >
    Sample label
  </label>
</div>
`;
