// Vitest Snapshot v1, https://vitest.dev/guide/snapshot.html

exports[`Checkbox > renders snapshot 1`] = `
<div>
  <div
    class="flex items-center space-x-2"
  >
    <button
      aria-checked="false"
      class="peer h-4 w-4 shrink-0 rounded-sm border border-secondary ring-offset-white focus-visible:outline-none focus-visible:ring-2 focus-visible:ring-primary focus-visible:ring-offset-2 disabled:cursor-not-allowed disabled:opacity-50 data-[state=checked]:border-primary data-[state=checked]:bg-primary data-[state=checked]:text-white"
      data-state="unchecked"
      id="terms"
      role="checkbox"
      type="button"
      value="on"
    />
    <label
      class="text-sm leading-none peer-disabled:cursor-not-allowed peer-disabled:opacity-70 text-letter-body"
      for="terms"
    >
      Accept terms and conditions
    </label>
  </div>
</div>
`;
