// Vitest Snapshot v1, https://vitest.dev/guide/snapshot.html

exports[`Checkbox > renders snapshot 1`] = `
<div>
  <div
    class="flex items-center space-x-2"
  >
    <button
      aria-checked="false"
      class="peer h-4 w-4 shrink-0 rounded-sm border order-slate-900 ring-offset-white focus-visible:outline-none focus-visible:ring-2 focus-visible:ring-slate-950 focus-visible:ring-offset-2 disabled:cursor-not-allowed disabled:opacity-50 data-[state=checked]:bg-slate-900 data-[state=checked]:text-slate-50 dark:border-slate-50 dark:ring-offset-slate-950 dark:focus-visible:ring-slate-300 dark:data-[state=checked]:bg-slate-50 dark:data-[state=checked]:text-slate-900"
      data-state="unchecked"
      id="terms"
      role="checkbox"
      type="button"
      value="on"
    />
    <label
      class="text-sm font-medium leading-none peer-disabled:cursor-not-allowed peer-disabled:opacity-70"
      for="terms"
    >
      Accept terms and conditions
    </label>
  </div>
</div>
`;
