// Vitest Snapshot v1, https://vitest.dev/guide/snapshot.html

exports[`Switch > renders snapshot 1`] = `
<div>
  <div
    class="flex items-center space-x-2"
  >
    <button
      aria-checked="false"
      class="peer inline-flex h-6 w-11 shrink-0 cursor-pointer items-center rounded-full border-2 border-transparent transition-colors focus-visible:outline-none focus-visible:ring-2 focus-visible:ring-primary focus-visible:ring-offset-2 focus-visible:ring-offset-white disabled:cursor-not-allowed disabled:opacity-50 data-[state=checked]:bg-primary data-[state=unchecked]:bg-primary-disabled dark:data-[state=unchecked]:bg-accent"
      data-state="unchecked"
      id="airplane-mode"
      role="switch"
      type="button"
      value="on"
    >
      <span
        class="pointer-events-none block h-5 w-5 rounded-full bg-white shadow-lg dark:bg-black ring-0 transition-transform data-[state=checked]:translate-x-5 data-[state=unchecked]:translate-x-0"
        data-state="unchecked"
      />
    </button>
    <label
      class="text-sm leading-none peer-disabled:cursor-not-allowed peer-disabled:opacity-70 text-letter-body"
      for="airplane-mode"
    >
      Airplane Mode
    </label>
  </div>
</div>
`;
