// Vitest Snapshot v1, https://vitest.dev/guide/snapshot.html

exports[`Button > renders snapshot 1`] = `
<div>
  <button
    class="inline-flex items-center justify-center gap-2 whitespace-nowrap rounded-full text-sm font-medium ring-offset-white transition-colors focus-visible:outline-none focus-visible:ring-2 focus-visible:ring-slate-950 focus-visible:ring-offset-2 disabled:pointer-events-none disabled:opacity-50 [&_svg]:pointer-events-none [&_svg]:size-4 [&_svg]:shrink-0 dark:ring-offset-slate-950 dark:focus-visible:ring-slate-300 bg-primary text-black hover:bg-primaryHover h-10 px-4 py-2"
  />
</div>
`;
