// Vitest Snapshot v1, https://vitest.dev/guide/snapshot.html

exports[`Popover > renders snapshot 1`] = `
<div
  class="z-50 w-72 rounded-md border border-slate-200 bg-white p-4 text-slate-950 shadow-md outline-none data-[state=open]:animate-in data-[state=closed]:animate-out data-[state=closed]:fade-out-0 data-[state=open]:fade-in-0 data-[state=closed]:zoom-out-95 data-[state=open]:zoom-in-95 data-[side=bottom]:slide-in-from-top-2 data-[side=left]:slide-in-from-right-2 data-[side=right]:slide-in-from-left-2 data-[side=top]:slide-in-from-bottom-2 dark:border-slate-800 dark:bg-slate-950 dark:text-slate-50"
  data-align="center"
  data-side="bottom"
  data-state="open"
  data-testid="PopoverContent-testid"
  id="radix-:r1:"
  role="dialog"
  style="--radix-popover-content-transform-origin: var(--radix-popper-transform-origin); --radix-popover-content-available-width: var(--radix-popper-available-width); --radix-popover-content-available-height: var(--radix-popper-available-height); --radix-popover-trigger-width: var(--radix-popper-anchor-width); --radix-popover-trigger-height: var(--radix-popper-anchor-height);"
  tabindex="-1"
>
  Popover Content
</div>
`;
